11:25:38 **** Build of configuration Debug for project FlashLEB_HAL ****
make -j16 all 
arm-none-eabi-gcc "../Core/Src/main.c" -mcpu=cortex-m4 -std=gnu11 -g3 -DDEBUG -DUSE_HAL_DRIVER -DSTM32F429xx -c -I../Core/Inc -I../Drivers/STM32F4xx_HAL_Driver/Inc -I../Drivers/STM32F4xx_HAL_Driver/Inc/Legacy -I../Drivers/CMSIS/Device/ST/STM32F4xx/Include -I../Drivers/CMSIS/Include -O0 -ffunction-sections -fdata-sections -Wall -fstack-usage -fcyclomatic-complexity -MMD -MP -MF"Core/Src/main.d" -MT"Core/Src/main.o" --specs=nano.specs -mfpu=fpv4-sp-d16 -mfloat-abi=hard -mthumb -o "Core/Src/main.o"
arm-none-eabi-gcc -o "FlashLEB_HAL.elf" @"objects.list"   -mcpu=cortex-m4 -T"C:\Users\HP\Documents\GitHub\Mare-MetalEmbedded\FlashLEB_HAL\STM32F429ZITX_FLASH.ld" --specs=nosys.specs -Wl,-Map="FlashLEB_HAL.map" -Wl,--gc-sections -static --specs=nano.specs -mfpu=fpv4-sp-d16 -mfloat-abi=hard -mthumb -Wl,--start-group -lc -lm -Wl,--end-group
Finished building target: FlashLEB_HAL.elf
 
arm-none-eabi-size   FlashLEB_HAL.elf 
arm-none-eabi-objdump -h -S  FlashLEB_HAL.elf  > "FlashLEB_HAL.list"
   text	   data	    bss	    dec	    hex	filename
   5792	     20	   1572	   7384	   1cd8	FlashLEB_HAL.elf
Finished building: default.size.stdout
 
Finished building: FlashLEB_HAL.list
 

11:25:39 Build Finished. 0 errors, 0 warnings. (took 1s.72ms)

